$ astro check
03:32:45 [vite] Re-optimizing dependencies because vite config has changed
03:32:46 [content] Syncing content
03:32:46 [content] Synced content
03:32:46 [types] Generated 970ms
03:32:46 [check] Getting diagnostics for Astro files in /home/jfb/project/ai-affiliate-factory/apps/brand-template...
[96msrc/content.config.ts[0m:[93m36[0m:[93m31[0m - [93mwarning[0m[90m ts(6385): [0m'(params?: string | { abort?: boolean | undefined; pattern?: RegExp | undefined; hostname?: RegExp | undefined; protocol?: RegExp | undefined; normalize?: boolean | undefined; error?: string | ... 1 more ... | undefined; message?: string | undefined; } | undefined): ZodString' is deprecated.

[7m36[0m     featuredImage: z.string().url().optional(),
[7m  [0m [93m                              ~~~[0m
[96msrc/content.config.ts[0m:[93m35[0m:[93m25[0m - [93mwarning[0m[90m ts(6385): [0m'(params?: string | { abort?: boolean | undefined; pattern?: RegExp | undefined; hostname?: RegExp | undefined; protocol?: RegExp | undefined; normalize?: boolean | undefined; error?: string | ... 1 more ... | undefined; message?: string | undefined; } | undefined): ZodString' is deprecated.

[7m35[0m     ogImage: z.string().url().optional(),
[7m  [0m [93m                        ~~~[0m
[96msrc/content.config.ts[0m:[93m12[0m:[93m25[0m - [93mwarning[0m[90m ts(6385): [0m'(params?: string | { abort?: boolean | undefined; pattern?: RegExp | undefined; hostname?: RegExp | undefined; protocol?: RegExp | undefined; normalize?: boolean | undefined; error?: string | ... 1 more ... | undefined; message?: string | undefined; } | undefined): ZodString' is deprecated.

[7m12[0m     ogImage: z.string().url().optional(),
[7m  [0m [93m                        ~~~[0m

[96msrc/components/SEO.astro[0m:[93m108[0m:[93m11[0m - [93mwarning[0m[90m astro(4000): [0mThis script will be treated as if it has the `is:inline` directive because it contains an attribute. Therefore, features that require processing (e.g. using TypeScript or npm packages in the script) are unavailable.

See docs for more details: https://docs.astro.build/en/guides/client-side-scripts/#script-processing.

Add the `is:inline` directive explicitly to silence this hint.

[7m108[0m   <script type="application/ld+json" set:html={JSON.stringify(jsonLd, null, 0)} />
[7m   [0m [93m          ~~~~[0m

[96msrc/components/mdx/MdxImage.astro[0m:[93m37[0m:[93m7[0m - [93mwarning[0m[90m ts(6133): [0m'isLcpCandidate' is declared but its value is never read.

[7m37[0m const isLcpCandidate = fetchpriority === 'high';
[7m  [0m [93m      ~~~~~~~~~~~~~~[0m

[96msrc/components/mdx/MdxLink.astro[0m:[93m9[0m:[93m7[0m - [93mwarning[0m[90m ts(6133): [0m'isMail' is declared but its value is never read.

[7m9[0m const isMail = href.startsWith('mailto:') || href.startsWith('tel:');
[7m [0m [93m      ~~~~~~[0m

[96msrc/layouts/Layout.astro[0m:[93m115[0m:[93m13[0m - [93mwarning[0m[90m astro(4000): [0mThis script will be treated as if it has the `is:inline` directive because it contains an attribute. Therefore, features that require processing (e.g. using TypeScript or npm packages in the script) are unavailable.

See docs for more details: https://docs.astro.build/en/guides/client-side-scripts/#script-processing.

Add the `is:inline` directive explicitly to silence this hint.

[7m115[0m     <script defer>
[7m   [0m [93m            ~~~~~[0m

[96msrc/layouts/PillarLayout.astro[0m:[93m4[0m:[93m27[0m - [93mwarning[0m[90m ts(6133): [0m'Button' is declared but its value is never read.

[7m4[0m import { Container, Card, Button, Hero } from 'design-system-base';
[7m [0m [93m                          ~~~~~~[0m

[96msrc/pages/sitemap.astro[0m:[93m102[0m:[93m33[0m - [91merror[0m[90m ts(7006): [0mParameter 'article' implicitly has an 'any' type.

[7m102[0m             {pillarArticles.map(article => {
[7m   [0m [91m                                ~~~~~~~[0m
[96msrc/pages/sitemap.astro[0m:[93m83[0m:[93m50[0m - [91merror[0m[90m ts(7031): [0mBinding element 'pillarArticles' implicitly has an 'any' type.

[7m83[0m       {articlesByPillar.map(({ pillar, articles: pillarArticles }) => (
[7m  [0m [91m                                                 ~~~~~~~~~~~~~~[0m
[96msrc/pages/sitemap.astro[0m:[93m83[0m:[93m32[0m - [91merror[0m[90m ts(7031): [0mBinding element 'pillar' implicitly has an 'any' type.

[7m83[0m       {articlesByPillar.map(({ pillar, articles: pillarArticles }) => (
[7m  [0m [91m                               ~~~~~~[0m

[96msrc/pages/[pillar]/index.astro[0m:[93m7[0m:[93m23[0m - [91merror[0m[90m ts(7006): [0mParameter 'entry' implicitly has an 'any' type.

[7m7[0m   return pillars.map((entry) => ({
[7m [0m [91m                      ~~~~~[0m

[96msrc/pages/[pillar]/[cluster]/[article].astro[0m:[93m8[0m:[93m24[0m - [91merror[0m[90m ts(7006): [0mParameter 'entry' implicitly has an 'any' type.

[7m8[0m   return articles.map((entry) => {
[7m [0m [91m                       ~~~~~[0m
[96msrc/pages/[pillar]/[cluster]/[article].astro[0m:[93m22[0m:[93m7[0m - [93mwarning[0m[90m ts(6198): [0mAll destructured elements are unused.

[7m22[0m const { pillar, cluster, article } = Astro.params;
[7m  [0m [93m      ~~~~~~~~~~~~~~~~~~~~~~~~~~~~[0m

[96msrc/pages/about/index.astro[0m:[93m3[0m:[93m21[0m - [93mwarning[0m[90m ts(6133): [0m'Card' is declared but its value is never read.

[7m3[0m import { Container, Card } from 'design-system-base';
[7m [0m [93m                    ~~~~[0m

Result (28 files): 
- 5 errors
- 0 warnings
- 10 hints

[ELIFECYCLE] Command failed with exit code 1.
